chisa@□□ MINGW64 ~/OneDrive/Desktop/git_challenge (main)
$ touch hello_world.txt

chisa@□□ MINGW64 ~/OneDrive/Desktop/git_challenge (main)
$ git add hello_world.txt
warning: in the working copy of 'hello_world.txt', LF will be replaced by CRLF the next time Git touches it

chisa@□□ MINGW64 ~/OneDrive/Desktop/git_challenge (main)
$ git commit -m "hello_world.txtを追加"
[main 8555a6e] hello_world.txtを追加
 1 file changed, 1 insertion(+)

 chisa@□□ MINGW64 ~/OneDrive/Desktop/git_challenge (main)
$ git log
commit 8555a6e47ec4faef88efede7c18381f9349f5e9d (HEAD -> main)
Author: chichichi1310 <chisatokyoda@icloud.com>
Date:   Wed Oct 22 20:42:12 2025 +0900

    hello_world.txtを追加

commit 4b9e79a891b04585024000c0ffccd16a1a2016ff
Author: chichichi1310 <chisatokyoda@icloud.com>
Date:   Mon Sep 8 19:47:51 2025 +0900

    Hello,world!

chisa@□□ MINGW64 ~/OneDrive/Desktop/git_challenge (main)
$ echo "こんにちは、世界!" >> hello_world.txt

chisa@□□ MINGW64 ~/OneDrive/Desktop/git_challenge (main)
$ git add hello_world.txt
warning: in the working copy of 'hello_world.txt', LF will be replaced by CRLF the next time Git touches it

chisa@□□ MINGW64 ~/OneDrive/Desktop/git_challenge (main)
$ git commit -m "日本語訳を追記"
[main d503474] 日本語訳を追記
 1 file changed, 1 insertion(+)

chisa@□□ MINGW64 ~/OneDrive/Desktop/git_challenge (main)
$ git log --oneline
d503474 (HEAD -> main) 日本語訳を追記
8555a6e hello_world.txtを追加
4b9e79a Hello,world! 